// Jest Snapshot v1, https://goo.gl/fbAQLP

exports[`<Seguidor /> Renders correctly 1`] = `
<div>
  <div>
    <div>
      <div
        className="SeguidorTitle"
      >
        <h1
          className="SeguidorHeading"
        >
          Materias
        </h1>
      </div>
      <div
        className="ViewChooser"
      />
    </div>
  </div>
  <div />
</div>
`;
